os@Ubuntu1:/media/sf_share/Computer Networks/Project$ sudo make
[sudo] password for os: 
gcc -Wall -g -o myserver myserver.c
os@Ubuntu1:/media/sf_share/Computer Networks/Project$ ./myserver 8080
GET /bear.gif HTTP/1.1
Host: <IP Address>:8080
User-Agent: Mozilla/5.0 (Windows NT 10.0; Win64; x64; rv:137.0) Gecko/20100101 Firefox/137.0
Accept: text/html,application/xhtml+xml,application/xml;q=0.9,*/*;q=0.8
Accept-Language: ko-KR,ko;q=0.8,en-US;q=0.5,en;q=0.3
Accept-Encoding: gzip, deflate
Connection: keep-alive
Upgrade-Insecure-Requests: 1
Priority: u=0, i

[INFO] Serving file: bear.gif (size: 459260 bytes)
GET /socket.pdf HTTP/1.1
Host: <IP Address>:8080
User-Agent: Mozilla/5.0 (Windows NT 10.0; Win64; x64; rv:137.0) Gecko/20100101 Firefox/137.0
Accept: text/html,application/xhtml+xml,application/xml;q=0.9,*/*;q=0.8
Accept-Language: ko-KR,ko;q=0.8,en-US;q=0.5,en;q=0.3
Accept-Encoding: gzip, deflate
Connection: keep-alive
Upgrade-Insecure-Requests: 1
Priority: u=0, i

[INFO] Serving file: socket.pdf (size: 626647 bytes)
Segmentation fault (core dumped)
os@Ubuntu1:/media/sf_share/Computer Networks/Project$ sudo make
gcc -Wall -g -o myserver myserver.c
os@Ubuntu1:/media/sf_share/Computer Networks/Project$ ./myserver 8080
GET /index.html HTTP/1.1
Host: <IP Address>:8080
User-Agent: Mozilla/5.0 (Windows NT 10.0; Win64; x64; rv:137.0) Gecko/20100101 Firefox/137.0
Accept: text/html,application/xhtml+xml,application/xml;q=0.9,*/*;q=0.8
Accept-Language: ko-KR,ko;q=0.8,en-US;q=0.5,en;q=0.3
Accept-Encoding: gzip, deflate
Connection: keep-alive
Upgrade-Insecure-Requests: 1
Priority: u=0, i

[INFO] Serving file: index.html (size: 61 bytes)
GET /tree.jpg HTTP/1.1
Host: <IP Address>:8080
User-Agent: Mozilla/5.0 (Windows NT 10.0; Win64; x64; rv:137.0) Gecko/20100101 Firefox/137.0
Accept: text/html,application/xhtml+xml,application/xml;q=0.9,*/*;q=0.8
Accept-Language: ko-KR,ko;q=0.8,en-US;q=0.5,en;q=0.3
Accept-Encoding: gzip, deflate
Connection: keep-alive
Upgrade-Insecure-Requests: 1
Priority: u=0, i


[INFO] Serving file: tree.jpg (size: 4603311 bytes)
GET /socket.pdf HTTP/1.1
Host: <IP Address>:8080
User-Agent: Mozilla/5.0 (Windows NT 10.0; Win64; x64; rv:137.0) Gecko/20100101 Firefox/137.0
Accept: text/html,application/xhtml+xml,application/xml;q=0.9,*/*;q=0.8
Accept-Language: ko-KR,ko;q=0.8,en-US;q=0.5,en;q=0.3
Accept-Encoding: gzip, deflate
Connection: keep-alive
Upgrade-Insecure-Requests: 1
Priority: u=0, i

[INFO] Serving file: socket.pdf (size: 626647 bytes)
O~GET /fire.mp3 HTTP/1.1
Host: <IP Address>:8080
User-Agent: Mozilla/5.0 (Windows NT 10.0; Win64; x64; rv:137.0) Gecko/20100101 Firefox/137.0
Accept: text/html,application/xhtml+xml,application/xml;q=0.9,*/*;q=0.8
Accept-Language: ko-KR,ko;q=0.8,en-US;q=0.5,en;q=0.3
Accept-Encoding: gzip, deflate
Connection: keep-alive
Upgrade-Insecure-Requests: 1
Priority: u=0, i

9    TFr s G ,T    X[INFO] Serving file: fire.mp3 (size: 10155500 bytes)
^C
os@Ubuntu1:/media/sf_share/Computer Networks/Project$ sudo make
gcc -Wall -g -o myserver myserver.c
os@Ubuntu1:/media/sf_share/Computer Networks/Project$ ./myserver 1111
GET /index.html HTTP/1.1
Host: <IP Address>:1111
User-Agent: Mozilla/5.0 (Windows NT 10.0; Win64; x64; rv:137.0) Gecko/20100101 Firefox/137.0
Accept: text/html,application/xhtml+xml,application/xml;q=0.9,*/*;q=0.8
Accept-Language: ko-KR,ko;q=0.8,en-US;q=0.5,en;q=0.3
Accept-Encoding: gzip, deflate
Connection: keep-alive
Upgrade-Insecure-Requests: 1
Priority: u=0, i

GET /favicon.ico HTTP/1.1
Host: <IP Address>:1111
User-Agent: Mozilla/5.0 (Windows NT 10.0; Win64; x64; rv:137.0) Gecko/20100101 Firefox/137.0
Accept: image/avif,image/webp,image/png,image/svg+xml,image/*;q=0.8,*/*;q=0.5
Accept-Language: ko-KR,ko;q=0.8,en-US;q=0.5,en;q=0.3
Accept-Encoding: gzip, deflate
Connection: keep-alive
Referer: http://<IP Address>:1111/index.html
Priority: u=6

GET /bear.gif HTTP/1.1
Host: <IP Address>:1111
User-Agent: Mozilla/5.0 (Windows NT 10.0; Win64; x64; rv:137.0) Gecko/20100101 Firefox/137.0
Accept: text/html,application/xhtml+xml,application/xml;q=0.9,*/*;q=0.8
Accept-Language: ko-KR,ko;q=0.8,en-US;q=0.5,en;q=0.3
Accept-Encoding: gzip, deflate
Connection: keep-alive
Upgrade-Insecure-Requests: 1
Priority: u=0, i

.html
Priority: u=6

GET /socket.pdf HTTP/1.1
Host: <IP Address>:1111
User-Agent: Mozilla/5.0 (Windows NT 10.0; Win64; x64; rv:137.0) Gecko/20100101 Firefox/137.0
Accept: text/html,application/xhtml+xml,application/xml;q=0.9,*/*;q=0.8
Accept-Language: ko-KR,ko;q=0.8,en-US;q=0.5,en;q=0.3
Accept-Encoding: gzip, deflate
Connection: keep-alive
Upgrade-Insecure-Requests: 1
Priority: u=0, i

tml
Priority: u=6

O~GET /fire.mp3 HTTP/1.1
Host: <IP Address>:1111
User-Agent: Mozilla/5.0 (Windows NT 10.0; Win64; x64; rv:137.0) Gecko/20100101 Firefox/137.0
Accept: text/html,application/xhtml+xml,application/xml;q=0.9,*/*;q=0.8
Accept-Language: ko-KR,ko;q=0.8,en-US;q=0.5,en;q=0.3
Accept-Encoding: gzip, deflate
Connection: keep-alive
Upgrade-Insecure-Requests: 1
Priority: u=0, i

 ? 'Nd  M Z/  L+ O  .GET /index.html HTTP/1.1
Host: <IP Address>:1111
Connection: keep-alive
Upgrade-Insecure-Requests: 1
User-Agent: Mozilla/5.0 (X11; Linux x86_64) AppleWebKit/537.36 (KHTML, like Gecko) Chrome/135.0.0.0 Safari/537.36
Accept: text/html,application/xhtml+xml,application/xml;q=0.9,image/avif,image/webp,image/apng,*/*;q=0.8,application/signed-exchange;v=b3;q=0.7
Accept-Encoding: gzip, deflate
Accept-Language: ko-KR,ko;q=0.9,en-US;q=0.8,en;q=0.7

d  2:   
       ;  W s6 !   v   h   ֒ h32\<r  k 3Ð (   r
                                              }E  y>HM  ! C 
                                                            T DDGW     M  (   y
                                                                               v  GET /favicon.ico HTTP/1.1
Host: <IP Address>:1111
Connection: keep-alive
User-Agent: Mozilla/5.0 (X11; Linux x86_64) AppleWebKit/537.36 (KHTML, like Gecko) Chrome/135.0.0.0 Safari/537.36
Accept: image/avif,image/webp,image/apng,image/svg+xml,image/*,*/*;q=0.8
Referer: http://<IP Address>:1111/index.html
Accept-Encoding: gzip, deflate
Accept-Language: ko-KR,ko;q=0.9,en-US;q=0.8,en;q=0.7

pt-Language: ko-KR,ko;q=0.9,en-US;q=0.8,en;q=0.7

^C
os@Ubuntu1:/media/sf_share/Computer Networks/Project$ sudo make
gcc -Wall -g -o myserver myserver.c
myserver.c: In function ‘main’:
myserver.c:55:21: error: ‘bytes_received’ undeclared (first use in this function)
   55 |   fwrite(buffer, 1, bytes_received, stdout);
      |                     ^~~~~~~~~~~~~~
myserver.c:55:21: note: each undeclared identifier is reported only once for each function it appears in
make: *** [Makefile:12: myserver] Error 1
os@Ubuntu1:/media/sf_share/Computer Networks/Project$ sudo make
gcc -Wall -g -o myserver myserver.c
os@Ubuntu1:/media/sf_share/Computer Networks/Project$ ./myserver 1111
GET /fire.mp3 HTTP/1.1
Host: <IP Address>:1111
User-Agent: Mozilla/5.0 (Windows NT 10.0; Win64; x64; rv:137.0) Gecko/20100101 Firefox/137.0
Accept: text/html,application/xhtml+xml,application/xml;q=0.9,*/*;q=0.8
Accept-Language: ko-KR,ko;q=0.8,en-US;q=0.5,en;q=0.3
Accept-Encoding: gzip, deflate
Connection: keep-alive
Upgrade-Insecure-Requests: 1
Priority: u=0, i

GET /fire.mp3 HTTP/1.1
Host: <IP Address>:1111
User-Agent: Mozilla/5.0 (Windows NT 10.0; Win64; x64; rv:137.0) Gecko/20100101 Firefox/137.0
Accept: text/html,application/xhtml+xml,application/xml;q=0.9,*/*;q=0.8
Accept-Language: ko-KR,ko;q=0.8,en-US;q=0.5,en;q=0.3
Accept-Encoding: gzip, deflate
Connection: keep-alive
Upgrade-Insecure-Requests: 1
Priority: u=0, i

GET /bear.gif HTTP/1.1
Host: <IP Address>:1111
User-Agent: Mozilla/5.0 (Windows NT 10.0; Win64; x64; rv:137.0) Gecko/20100101 Firefox/137.0
Accept: text/html,application/xhtml+xml,application/xml;q=0.9,*/*;q=0.8
Accept-Language: ko-KR,ko;q=0.8,en-US;q=0.5,en;q=0.3
Accept-Encoding: gzip, deflate
Connection: keep-alive
Upgrade-Insecure-Requests: 1
Priority: u=0, i

GET /index.html HTTP/1.1
Host: <IP Address>:1111
Connection: keep-alive
Cache-Control: max-age=0
Upgrade-Insecure-Requests: 1
User-Agent: Mozilla/5.0 (X11; Linux x86_64) AppleWebKit/537.36 (KHTML, like Gecko) Chrome/135.0.0.0 Safari/537.36
Accept: text/html,application/xhtml+xml,application/xml;q=0.9,image/avif,image/webp,image/apng,*/*;q=0.8,application/signed-exchange;v=b3;q=0.7
Accept-Encoding: gzip, deflate
Accept-Language: ko-KR,ko;q=0.9,en-US;q=0.8,en;q=0.7

GET /bear.gif HTTP/1.1
Host: <IP Address>:1111
Connection: keep-alive
Upgrade-Insecure-Requests: 1
User-Agent: Mozilla/5.0 (X11; Linux x86_64) AppleWebKit/537.36 (KHTML, like Gecko) Chrome/135.0.0.0 Safari/537.36
Accept: text/html,application/xhtml+xml,application/xml;q=0.9,image/avif,image/webp,image/apng,*/*;q=0.8,application/signed-exchange;v=b3;q=0.7
Accept-Encoding: gzip, deflate
Accept-Language: ko-KR,ko;q=0.9,en-US;q=0.8,en;q=0.7

GET /tree.jpg HTTP/1.1
Host: <IP Address>:1111
Connection: keep-alive
Upgrade-Insecure-Requests: 1
User-Agent: Mozilla/5.0 (X11; Linux x86_64) AppleWebKit/537.36 (KHTML, like Gecko) Chrome/135.0.0.0 Safari/537.36
Accept: text/html,application/xhtml+xml,application/xml;q=0.9,image/avif,image/webp,image/apng,*/*;q=0.8,application/signed-exchange;v=b3;q=0.7
Accept-Encoding: gzip, deflate
Accept-Language: ko-KR,ko;q=0.9,en-US;q=0.8,en;q=0.7

^C
os@Ubuntu1:/media/sf_share/Computer Networks/Project$ 

